# format=syslog shape=real duration=15s runs=3 transport=udp port=15140
# server restarted between every run; syslog_messages_received/syslog_udp_socket_drops/parquet_s3_dropped are per-run values (fresh process), not deltas.
# syslog_udp_socket_drops is reconciled against this run's own socket's /proc/net/udp drop counter (NOT host-wide RcvbufErrors), diffed before/after around each run's load.
run	format	shape	offered	achieved	received	kernel_drops	writer_drops	buffer_drops	written	kernel_loss_pct	total_loss_pct	gen_cores	srv_cores	verdict
# --- rate=5000 ---
1	syslog	real	74992	4999.5000	74992	0	0	0	70000	0.0000	0.0000	0.00	0.39	PASS
2	syslog	real	74995	4999.5000	73845	1150	0	0	70000	1.5334	1.5334	-0.00	0.41	FAIL-LOSS
3	syslog	real	74994	4999.3000	74994	0	0	0	70000	0.0000	0.0000	-0.00	0.37	PASS
# --- summary: format=syslog shape=real rate=5000 runs=3 ---
median	syslog	real	-	-	-	-	-	-	-	-	0.0000	-	-	-
min	syslog	real	-	-	-	-	-	-	-	-	0.0000	-	-	-
max	syslog	real	-	-	-	-	-	-	-	-	1.5334	-	-	-
# rate=5000 median_loss=0.0000% median_achieved=4999.5000
# --- rate=10000 ---
1	syslog	real	149997	9999.1000	149997	0	0	0	140000	0.0000	0.0000	-0.00	0.54	PASS
2	syslog	real	149991	9998.8000	149991	0	0	0	140000	0.0000	0.0000	-0.00	0.59	PASS
3	syslog	real	149991	9999.1000	149991	0	0	0	140000	0.0000	0.0000	-0.00	0.55	PASS
# --- summary: format=syslog shape=real rate=10000 runs=3 ---
median	syslog	real	-	-	-	-	-	-	-	-	0.0000	-	-	-
min	syslog	real	-	-	-	-	-	-	-	-	0.0000	-	-	-
max	syslog	real	-	-	-	-	-	-	-	-	0.0000	-	-	-
# NOTE: zero kernel-socket loss (syslog_udp_socket_drops == 0) on every run at rate=10000 -- rate/duration did not saturate the receive buffer on this host. This does not by itself mean total_loss_pct above is zero (writer_drops/buffer_drops can still be non-zero); if it is also zero, raise the rate or DURATION to produce a measurable baseline instead.
# rate=10000 median_loss=0.0000% median_achieved=9999.1000
# --- rate=20000 ---
1	syslog	real	299980	19998.1000	299907	73	0	0	290000	0.0243	0.0243	-0.00	0.98	PASS
2	syslog	real	299991	19999.1000	299557	434	0	0	290000	0.1447	0.1447	-0.00	0.98	FAIL-LOSS
3	syslog	real	299984	19998.7000	299776	208	0	0	290000	0.0693	0.0693	-0.00	0.96	PASS
# --- summary: format=syslog shape=real rate=20000 runs=3 ---
median	syslog	real	-	-	-	-	-	-	-	-	0.0693	-	-	-
min	syslog	real	-	-	-	-	-	-	-	-	0.0243	-	-	-
max	syslog	real	-	-	-	-	-	-	-	-	0.1447	-	-	-
# rate=20000 median_loss=0.0693% median_achieved=19998.7000
# --- rate=40000 ---
1	syslog	real	599977	39997.7000	430578	169399	0	0	430000	28.2342	28.2342	-0.00	1.32	FAIL-LOSS
2	syslog	real	599960	39995.2000	437731	162229	0	0	430000	27.0400	27.0400	-0.00	1.33	FAIL-LOSS
3	syslog	real	599940	39994.0000	450292	149648	0	0	450000	24.9438	24.9438	-0.00	1.28	FAIL-LOSS
# --- summary: format=syslog shape=real rate=40000 runs=3 ---
median	syslog	real	-	-	-	-	-	-	-	-	27.0400	-	-	-
min	syslog	real	-	-	-	-	-	-	-	-	24.9438	-	-	-
max	syslog	real	-	-	-	-	-	-	-	-	28.2342	-	-	-
# rate=40000 median_loss=27.0400% median_achieved=39995.2000
# --- rate=30000 ---
1	syslog	real	449978	29998.0000	403151	46827	0	0	400000	10.4065	10.4065	-0.00	1.28	FAIL-LOSS
2	syslog	real	449978	29998.1000	417915	32063	0	0	410000	7.1255	7.1255	-0.00	1.23	FAIL-LOSS
3	syslog	real	449968	29997.6000	362696	87272	0	0	360000	19.3952	19.3952	-0.00	1.32	FAIL-LOSS
# --- summary: format=syslog shape=real rate=30000 runs=3 ---
median	syslog	real	-	-	-	-	-	-	-	-	10.4065	-	-	-
min	syslog	real	-	-	-	-	-	-	-	-	7.1255	-	-	-
max	syslog	real	-	-	-	-	-	-	-	-	19.3952	-	-	-
# rate=30000 median_loss=10.4065% median_achieved=29998.0000
# --- rate=25000 ---
1	syslog	real	374984	24998.3000	366502	8482	0	0	360000	2.2620	2.2620	-0.00	1.23	FAIL-LOSS
2	syslog	real	374978	24998.2000	359383	15595	0	0	350000	4.1589	4.1589	-0.00	1.21	FAIL-LOSS
3	syslog	real	374972	24997.4000	361448	13524	0	0	360000	3.6067	3.6067	-0.00	1.26	FAIL-LOSS
# --- summary: format=syslog shape=real rate=25000 runs=3 ---
median	syslog	real	-	-	-	-	-	-	-	-	3.6067	-	-	-
min	syslog	real	-	-	-	-	-	-	-	-	2.2620	-	-	-
max	syslog	real	-	-	-	-	-	-	-	-	4.1589	-	-	-
# rate=25000 median_loss=3.6067% median_achieved=24998.2000
# --- rate=22500 ---
1	syslog	real	337482	22498.0000	329585	7897	0	0	320000	2.3400	2.3400	-0.00	1.17	FAIL-LOSS
2	syslog	real	337487	22498.4000	331856	5631	0	0	330000	1.6685	1.6685	-0.00	1.14	FAIL-LOSS
3	syslog	real	337476	22497.6000	327900	9576	0	0	320000	2.8375	2.8375	-0.00	1.21	FAIL-LOSS
# --- summary: format=syslog shape=real rate=22500 runs=3 ---
median	syslog	real	-	-	-	-	-	-	-	-	2.3400	-	-	-
min	syslog	real	-	-	-	-	-	-	-	-	1.6685	-	-	-
max	syslog	real	-	-	-	-	-	-	-	-	2.8375	-	-	-
# rate=22500 median_loss=2.3400% median_achieved=22498.0000
# --- rate=21250 ---
1	syslog	real	318743	21248.7000	316625	2118	0	0	310000	0.6645	0.6645	-0.00	1.07	FAIL-LOSS
2	syslog	real	318737	21248.0000	315768	2969	0	0	310000	0.9315	0.9315	-0.00	1.11	FAIL-LOSS
3	syslog	real	318727	21248.1000	316724	2003	0	0	310000	0.6284	0.6284	-0.00	1.10	FAIL-LOSS
# --- summary: format=syslog shape=real rate=21250 runs=3 ---
median	syslog	real	-	-	-	-	-	-	-	-	0.6645	-	-	-
min	syslog	real	-	-	-	-	-	-	-	-	0.6284	-	-	-
max	syslog	real	-	-	-	-	-	-	-	-	0.9315	-	-	-
# rate=21250 median_loss=0.6645% median_achieved=21248.1000
CEILING 20000
artifacts (server logs): /tmp/tmp.6Bb0o8VykP (removed on exit; rerun with TMP_ROOT preserved manually if needed for debugging)
