# format=syslog shape=real duration=15s runs=3 transport=udp port=15140
# server restarted between every run; syslog_messages_received/syslog_udp_socket_drops/parquet_s3_dropped are per-run values (fresh process), not deltas.
# syslog_udp_socket_drops is reconciled against this run's own socket's /proc/net/udp drop counter (NOT host-wide RcvbufErrors), diffed before/after around each run's load.
run	format	shape	offered	achieved	received	kernel_drops	writer_drops	buffer_drops	written	kernel_loss_pct	total_loss_pct	gen_cores	srv_cores	verdict
# --- rate=20000 ---
1	syslog	real	299980	19998.3000	299980	0	0	0	290000	0.0000	0.0000	-0.00	1.00	PASS
2	syslog	real	299989	19998.3000	299989	0	0	0	290000	0.0000	0.0000	-0.00	1.03	PASS
3	syslog	real	299986	19998.4000	299986	0	0	0	290000	0.0000	0.0000	0.00	1.07	PASS
# --- summary: format=syslog shape=real rate=20000 runs=3 ---
median	syslog	real	-	-	-	-	-	-	-	-	0.0000	-	-	-
min	syslog	real	-	-	-	-	-	-	-	-	0.0000	-	-	-
max	syslog	real	-	-	-	-	-	-	-	-	0.0000	-	-	-
# NOTE: zero kernel-socket loss (syslog_udp_socket_drops == 0) on every run at rate=20000 -- rate/duration did not saturate the receive buffer on this host. This does not by itself mean total_loss_pct above is zero (writer_drops/buffer_drops can still be non-zero); if it is also zero, raise the rate or DURATION to produce a measurable baseline instead.
# rate=20000 median_loss=0.0000% median_achieved=19998.3000
PASS
# --- rate=40000 ---
1	syslog	real	599936	39994.0000	593116	6820	0	0	590000	1.1368	1.1368	-0.00	2.14	FAIL-LOSS
2	syslog	real	599974	39998.3000	596949	3025	0	0	590000	0.5042	0.5042	-0.00	1.93	FAIL-LOSS
3	syslog	real	599975	39998.1000	599258	717	0	0	590000	0.1195	0.1195	-0.00	1.95	FAIL-LOSS
# --- summary: format=syslog shape=real rate=40000 runs=3 ---
median	syslog	real	-	-	-	-	-	-	-	-	0.5042	-	-	-
min	syslog	real	-	-	-	-	-	-	-	-	0.1195	-	-	-
max	syslog	real	-	-	-	-	-	-	-	-	1.1368	-	-	-
# rate=40000 median_loss=0.5042% median_achieved=39998.1000
FAIL-LOSS
# --- rate=30000 ---
1	syslog	real	449970	29997.5000	449970	0	0	0	440000	0.0000	0.0000	-0.00	1.59	PASS
2	syslog	real	449967	29997.6000	437638	12329	0	0	430075	2.7400	2.7400	-0.00	1.46	FAIL-LOSS
3	syslog	real	449976	29997.7000	432473	17503	0	0	430000	3.8898	3.8898	-0.00	1.34	FAIL-LOSS
# --- summary: format=syslog shape=real rate=30000 runs=3 ---
median	syslog	real	-	-	-	-	-	-	-	-	2.7400	-	-	-
min	syslog	real	-	-	-	-	-	-	-	-	0.0000	-	-	-
max	syslog	real	-	-	-	-	-	-	-	-	3.8898	-	-	-
# rate=30000 median_loss=2.7400% median_achieved=29997.6000
FAIL-LOSS
# --- rate=25000 ---
1	syslog	real	374982	24998.0000	374982	0	0	0	370000	0.0000	0.0000	-0.00	1.16	PASS
2	syslog	real	374981	24998.0000	374981	0	0	0	370000	0.0000	0.0000	-0.00	1.17	PASS
3	syslog	real	374982	24997.9000	374982	0	0	0	370000	0.0000	0.0000	-0.00	1.23	PASS
# --- summary: format=syslog shape=real rate=25000 runs=3 ---
median	syslog	real	-	-	-	-	-	-	-	-	0.0000	-	-	-
min	syslog	real	-	-	-	-	-	-	-	-	0.0000	-	-	-
max	syslog	real	-	-	-	-	-	-	-	-	0.0000	-	-	-
# NOTE: zero kernel-socket loss (syslog_udp_socket_drops == 0) on every run at rate=25000 -- rate/duration did not saturate the receive buffer on this host. This does not by itself mean total_loss_pct above is zero (writer_drops/buffer_drops can still be non-zero); if it is also zero, raise the rate or DURATION to produce a measurable baseline instead.
# rate=25000 median_loss=0.0000% median_achieved=24998.0000
PASS
# --- rate=27500 ---
1	syslog	real	412476	27498.0000	412476	0	0	0	410000	0.0000	0.0000	0.00	1.42	PASS
2	syslog	real	412488	27498.3000	410451	2037	0	0	410000	0.4938	0.4938	-0.00	1.33	FAIL-LOSS
3	syslog	real	412472	27497.7000	412472	0	0	0	410000	0.0000	0.0000	-0.00	1.36	PASS
# --- summary: format=syslog shape=real rate=27500 runs=3 ---
median	syslog	real	-	-	-	-	-	-	-	-	0.0000	-	-	-
min	syslog	real	-	-	-	-	-	-	-	-	0.0000	-	-	-
max	syslog	real	-	-	-	-	-	-	-	-	0.4938	-	-	-
# rate=27500 median_loss=0.0000% median_achieved=27498.0000
PASS
CEILING 27500
artifacts (server logs): /tmp/tmp.WyxAm8F1rs (removed on exit; rerun with TMP_ROOT preserved manually if needed for debugging)
