# format=sflow shape=real duration=15s runs=3 transport=udp port=6343
# server restarted between every run; sflow_datagrams_received/sflow_socket_drops/parquet_s3_dropped are per-run values (fresh process), not deltas.
# RcvbufErrors is host-wide and NOT reset by restart -- diffed before/after around each run's load.
run	format	shape	offered	achieved	received	kernel_drops	writer_drops	buffer_drops	written	kernel_loss_pct	total_loss_pct	gen_cores	srv_cores	verdict
# --- rate=5000 ---
1	sflow	real	74995	4999.5000	74995	0	0	0	149950	0.0000	0.0000	-0.00	0.32	PASS
2	sflow	real	74992	4999.2000	74992	0	0	0	149934	0.0000	0.0000	-0.00	0.31	PASS
3	sflow	real	74995	4999.6000	74995	0	0	0	149928	0.0000	0.0000	-0.00	0.32	PASS
# --- summary: format=sflow shape=real rate=5000 runs=3 ---
median	sflow	real	-	-	-	-	-	-	-	-	0.0000	-	-	-
min	sflow	real	-	-	-	-	-	-	-	-	0.0000	-	-	-
max	sflow	real	-	-	-	-	-	-	-	-	0.0000	-	-	-
# NOTE: zero kernel-socket loss (sflow_socket_drops == 0) on every run at rate=5000 -- rate/duration did not saturate the receive buffer on this host. This does not by itself mean total_loss_pct above is zero (writer_drops/buffer_drops can still be non-zero); if it is also zero, raise the rate or DURATION to produce a measurable baseline instead.
# rate=5000 median_loss=0.0000% median_achieved=4999.5000
# --- rate=10000 ---
1	sflow	real	149989	9999.0000	149989	0	0	0	299886	0.0000	0.0000	-0.00	0.45	PASS
2	sflow	real	149986	9998.9000	149986	0	0	0	299866	0.0000	0.0000	-0.00	0.43	PASS
3	sflow	real	149988	9999.0000	149988	0	0	0	299924	0.0000	0.0000	0.00	0.42	PASS
# --- summary: format=sflow shape=real rate=10000 runs=3 ---
median	sflow	real	-	-	-	-	-	-	-	-	0.0000	-	-	-
min	sflow	real	-	-	-	-	-	-	-	-	0.0000	-	-	-
max	sflow	real	-	-	-	-	-	-	-	-	0.0000	-	-	-
# NOTE: zero kernel-socket loss (sflow_socket_drops == 0) on every run at rate=10000 -- rate/duration did not saturate the receive buffer on this host. This does not by itself mean total_loss_pct above is zero (writer_drops/buffer_drops can still be non-zero); if it is also zero, raise the rate or DURATION to produce a measurable baseline instead.
# rate=10000 median_loss=0.0000% median_achieved=9999.0000
# --- rate=20000 ---
1	sflow	real	300000	19999.0000	297270	2730	0	0	594420	0.9100	0.9100	0.00	0.67	FAIL-LOSS
2	sflow	real	299990	19998.3000	299990	0	0	0	599722	0.0000	0.0000	-0.00	0.72	PASS
3	sflow	real	299980	19997.9000	299980	0	0	0	599726	0.0000	0.0000	0.00	0.71	PASS
# --- summary: format=sflow shape=real rate=20000 runs=3 ---
median	sflow	real	-	-	-	-	-	-	-	-	0.0000	-	-	-
min	sflow	real	-	-	-	-	-	-	-	-	0.0000	-	-	-
max	sflow	real	-	-	-	-	-	-	-	-	0.9100	-	-	-
# rate=20000 median_loss=0.0000% median_achieved=19998.3000
# --- rate=40000 ---
1	sflow	real	599980	39997.4000	599472	508	0	0	1198944	0.0847	0.0847	-0.00	1.11	PASS
2	sflow	real	599970	39996.3000	599915	55	0	0	1199830	0.0092	0.0092	-0.00	1.15	PASS
3	sflow	real	599965	39996.6000	599035	930	0	0	1198070	0.1550	0.1550	-0.00	1.26	FAIL-LOSS
# --- summary: format=sflow shape=real rate=40000 runs=3 ---
median	sflow	real	-	-	-	-	-	-	-	-	0.0847	-	-	-
min	sflow	real	-	-	-	-	-	-	-	-	0.0092	-	-	-
max	sflow	real	-	-	-	-	-	-	-	-	0.1550	-	-	-
# rate=40000 median_loss=0.0847% median_achieved=39996.6000
# --- rate=80000 ---
1	sflow	real	1199063	79923.0000	1002747	196316	0	0	2000000	16.3725	16.3725	-0.00	2.18	FAIL-LOSS
2	sflow	real	1198535	79897.7000	969756	228779	0	0	1939512	19.0882	19.0882	-0.00	2.10	FAIL-LOSS
3	sflow	real	1199858	79987.6000	1034869	164989	0	0	2000000	13.7507	13.7507	-0.00	2.02	FAIL-LOSS
# --- summary: format=sflow shape=real rate=80000 runs=3 ---
median	sflow	real	-	-	-	-	-	-	-	-	16.3725	-	-	-
min	sflow	real	-	-	-	-	-	-	-	-	13.7507	-	-	-
max	sflow	real	-	-	-	-	-	-	-	-	19.0882	-	-	-
# rate=80000 median_loss=16.3725% median_achieved=79923.0000
# --- rate=60000 ---
1	sflow	real	899910	59991.8000	832025	67885	0	0	1600000	7.5435	7.5435	-0.00	1.97	FAIL-LOSS
2	sflow	real	899898	59992.0000	803592	96306	0	0	1600000	10.7019	10.7019	-0.00	1.91	FAIL-LOSS
3	sflow	real	899918	59994.6000	844842	55076	0	0	1600000	6.1201	6.1201	-0.00	1.95	FAIL-LOSS
# --- summary: format=sflow shape=real rate=60000 runs=3 ---
median	sflow	real	-	-	-	-	-	-	-	-	7.5435	-	-	-
min	sflow	real	-	-	-	-	-	-	-	-	6.1201	-	-	-
max	sflow	real	-	-	-	-	-	-	-	-	10.7019	-	-	-
# rate=60000 median_loss=7.5435% median_achieved=59992.0000
# --- rate=50000 ---
1	sflow	real	749970	49997.5000	723562	26408	0	0	1400000	3.5212	3.5212	-0.00	1.66	FAIL-LOSS
2	sflow	real	749974	49996.1000	680974	69000	0	0	1361948	9.2003	9.2003	-0.00	1.64	FAIL-LOSS
3	sflow	real	749954	49996.2000	744474	5480	0	0	1400000	0.7307	0.7307	-0.00	1.53	FAIL-LOSS
# --- summary: format=sflow shape=real rate=50000 runs=3 ---
median	sflow	real	-	-	-	-	-	-	-	-	3.5212	-	-	-
min	sflow	real	-	-	-	-	-	-	-	-	0.7307	-	-	-
max	sflow	real	-	-	-	-	-	-	-	-	9.2003	-	-	-
# rate=50000 median_loss=3.5212% median_achieved=49996.2000
# --- rate=45000 ---
1	sflow	real	674960	44996.0000	655780	19180	0	0	1311560	2.8416	2.8416	-0.00	1.47	FAIL-LOSS
2	sflow	real	674952	44996.2000	672894	2058	0	0	1345788	0.3049	0.3049	-0.00	1.41	FAIL-LOSS
3	sflow	real	674959	44997.3000	666616	8343	0	0	1200000	1.2361	1.2361	-0.00	1.44	FAIL-LOSS
# --- summary: format=sflow shape=real rate=45000 runs=3 ---
median	sflow	real	-	-	-	-	-	-	-	-	1.2361	-	-	-
min	sflow	real	-	-	-	-	-	-	-	-	0.3049	-	-	-
max	sflow	real	-	-	-	-	-	-	-	-	2.8416	-	-	-
# rate=45000 median_loss=1.2361% median_achieved=44996.2000
# --- rate=42500 ---
1	sflow	real	637467	42496.4000	636675	792	0	0	1200000	0.1242	0.1242	-0.00	1.31	FAIL-LOSS
2	sflow	real	637457	42496.3000	635028	2429	0	0	1200000	0.3810	0.3810	-0.00	1.33	FAIL-LOSS
3	sflow	real	637479	42497.3000	635130	2349	0	0	1200000	0.3685	0.3685	-0.00	1.40	FAIL-LOSS
# --- summary: format=sflow shape=real rate=42500 runs=3 ---
median	sflow	real	-	-	-	-	-	-	-	-	0.3685	-	-	-
min	sflow	real	-	-	-	-	-	-	-	-	0.1242	-	-	-
max	sflow	real	-	-	-	-	-	-	-	-	0.3810	-	-	-
# rate=42500 median_loss=0.3685% median_achieved=42496.4000
# --- rate=41250 ---
1	sflow	real	618716	41246.2000	618716	0	0	0	1200000	0.0000	0.0000	-0.00	1.14	PASS
2	sflow	real	618706	41245.8000	618038	668	0	0	1200000	0.1080	0.1080	-0.00	1.11	FAIL-LOSS
3	sflow	real	618728	41246.3000	617145	1583	0	0	1200000	0.2558	0.2558	-0.00	1.18	FAIL-LOSS
# --- summary: format=sflow shape=real rate=41250 runs=3 ---
median	sflow	real	-	-	-	-	-	-	-	-	0.1080	-	-	-
min	sflow	real	-	-	-	-	-	-	-	-	0.0000	-	-	-
max	sflow	real	-	-	-	-	-	-	-	-	0.2558	-	-	-
# rate=41250 median_loss=0.1080% median_achieved=41246.2000
CEILING 40000
artifacts (server logs): /tmp/tmp.o1nIiBtCgu (removed on exit; rerun with TMP_ROOT preserved manually if needed for debugging)
