# format=ipfix shape=real duration=15s runs=3 transport=udp port=4739
# server restarted between every run; ipfix_datagrams_received/ipfix_socket_drops/parquet_s3_dropped are per-run values (fresh process), not deltas.
# RcvbufErrors is host-wide and NOT reset by restart -- diffed before/after around each run's load.
run	format	shape	offered	achieved	received	kernel_drops	writer_drops	buffer_drops	written	kernel_loss_pct	total_loss_pct	gen_cores	srv_cores	verdict
# --- rate=5000 ---
1	ipfix	real	74996	4999.5000	75000	0	0	0	74965	0.0000	0.0000	-0.00	0.29	PASS
2	ipfix	real	74994	4999.4000	74998	0	0	0	74974	0.0000	0.0000	-0.00	0.28	PASS
3	ipfix	real	74995	4999.5000	74999	0	0	0	74967	0.0000	0.0000	-0.00	0.27	PASS
# --- summary: format=ipfix shape=real rate=5000 runs=3 ---
median	ipfix	real	-	-	-	-	-	-	-	-	0.0000	-	-	-
min	ipfix	real	-	-	-	-	-	-	-	-	0.0000	-	-	-
max	ipfix	real	-	-	-	-	-	-	-	-	0.0000	-	-	-
# NOTE: zero kernel-socket loss (ipfix_socket_drops == 0) on every run at rate=5000 -- rate/duration did not saturate the receive buffer on this host. This does not by itself mean total_loss_pct above is zero (writer_drops/buffer_drops can still be non-zero); if it is also zero, raise the rate or DURATION to produce a measurable baseline instead.
# rate=5000 median_loss=0.0000% median_achieved=4999.5000
# --- rate=10000 ---
1	ipfix	real	149991	9999.0000	149995	0	0	0	149952	0.0000	0.0000	-0.00	0.38	PASS
2	ipfix	real	149994	9999.3000	149998	0	0	0	149950	0.0000	0.0000	-0.00	0.35	PASS
3	ipfix	real	149997	9999.2000	150001	0	0	0	149943	0.0000	0.0000	-0.00	0.35	PASS
# --- summary: format=ipfix shape=real rate=10000 runs=3 ---
median	ipfix	real	-	-	-	-	-	-	-	-	0.0000	-	-	-
min	ipfix	real	-	-	-	-	-	-	-	-	0.0000	-	-	-
max	ipfix	real	-	-	-	-	-	-	-	-	0.0000	-	-	-
# NOTE: zero kernel-socket loss (ipfix_socket_drops == 0) on every run at rate=10000 -- rate/duration did not saturate the receive buffer on this host. This does not by itself mean total_loss_pct above is zero (writer_drops/buffer_drops can still be non-zero); if it is also zero, raise the rate or DURATION to produce a measurable baseline instead.
# rate=10000 median_loss=0.0000% median_achieved=9999.2000
# --- rate=20000 ---
1	ipfix	real	299982	19998.2000	299420	566	0	0	299320	0.1887	0.1887	-0.00	0.59	FAIL-LOSS
2	ipfix	real	299985	19998.0000	299989	0	0	0	299856	0.0000	0.0000	-0.00	0.58	PASS
3	ipfix	real	299987	19998.7000	299991	0	0	0	299926	0.0000	0.0000	-0.00	0.59	PASS
# --- summary: format=ipfix shape=real rate=20000 runs=3 ---
median	ipfix	real	-	-	-	-	-	-	-	-	0.0000	-	-	-
min	ipfix	real	-	-	-	-	-	-	-	-	0.0000	-	-	-
max	ipfix	real	-	-	-	-	-	-	-	-	0.1887	-	-	-
# rate=20000 median_loss=0.0000% median_achieved=19998.2000
# --- rate=40000 ---
1	ipfix	real	599967	39997.1000	596725	3246	0	0	596721	0.5410	0.5410	-0.00	0.92	FAIL-LOSS
2	ipfix	real	599958	39996.6000	595393	4569	0	0	595389	0.7616	0.7616	0.00	1.03	FAIL-LOSS
3	ipfix	real	599962	39995.8000	599874	92	0	0	599870	0.0153	0.0153	-0.00	0.93	PASS
# --- summary: format=ipfix shape=real rate=40000 runs=3 ---
median	ipfix	real	-	-	-	-	-	-	-	-	0.5410	-	-	-
min	ipfix	real	-	-	-	-	-	-	-	-	0.0153	-	-	-
max	ipfix	real	-	-	-	-	-	-	-	-	0.7616	-	-	-
# rate=40000 median_loss=0.5410% median_achieved=39996.6000
# --- rate=30000 ---
1	ipfix	real	449967	29996.9000	449971	0	0	0	449967	0.0000	0.0000	-0.00	0.74	PASS
2	ipfix	real	449979	29997.8000	449983	0	0	0	449979	0.0000	0.0000	-0.00	0.78	PASS
3	ipfix	real	449976	29997.8000	449980	0	0	0	449976	0.0000	0.0000	-0.00	0.79	PASS
# --- summary: format=ipfix shape=real rate=30000 runs=3 ---
median	ipfix	real	-	-	-	-	-	-	-	-	0.0000	-	-	-
min	ipfix	real	-	-	-	-	-	-	-	-	0.0000	-	-	-
max	ipfix	real	-	-	-	-	-	-	-	-	0.0000	-	-	-
# NOTE: zero kernel-socket loss (ipfix_socket_drops == 0) on every run at rate=30000 -- rate/duration did not saturate the receive buffer on this host. This does not by itself mean total_loss_pct above is zero (writer_drops/buffer_drops can still be non-zero); if it is also zero, raise the rate or DURATION to produce a measurable baseline instead.
# rate=30000 median_loss=0.0000% median_achieved=29997.8000
# --- rate=35000 ---
1	ipfix	real	524979	34997.9000	524325	658	0	0	500000	0.1253	0.1253	0.00	0.85	FAIL-LOSS
2	ipfix	real	524964	34996.3000	524968	0	0	0	500000	0.0000	0.0000	-0.00	0.84	PASS
3	ipfix	real	524979	34997.7000	524983	0	0	0	500000	0.0000	0.0000	-0.00	0.85	PASS
# --- summary: format=ipfix shape=real rate=35000 runs=3 ---
median	ipfix	real	-	-	-	-	-	-	-	-	0.0000	-	-	-
min	ipfix	real	-	-	-	-	-	-	-	-	0.0000	-	-	-
max	ipfix	real	-	-	-	-	-	-	-	-	0.1253	-	-	-
# rate=35000 median_loss=0.0000% median_achieved=34997.7000
# --- rate=37500 ---
1	ipfix	real	562470	37496.3000	562462	12	0	0	562458	0.0021	0.0021	-0.00	0.90	PASS
2	ipfix	real	562433	37494.5000	562270	167	0	0	562266	0.0297	0.0297	-0.00	0.87	PASS
3	ipfix	real	562480	37497.0000	522816	39668	0	0	500000	7.0523	7.0523	-0.00	0.82	FAIL-LOSS
# --- summary: format=ipfix shape=real rate=37500 runs=3 ---
median	ipfix	real	-	-	-	-	-	-	-	-	0.0297	-	-	-
min	ipfix	real	-	-	-	-	-	-	-	-	0.0021	-	-	-
max	ipfix	real	-	-	-	-	-	-	-	-	7.0523	-	-	-
# rate=37500 median_loss=0.0297% median_achieved=37496.3000
# --- rate=38750 ---
1	ipfix	real	581217	38747.3000	579006	2215	0	0	579002	0.3811	0.3811	-0.00	0.97	FAIL-LOSS
2	ipfix	real	581227	38747.6000	580634	597	0	0	580630	0.1027	0.1027	-0.00	0.97	FAIL-LOSS
3	ipfix	real	581215	38746.4000	576124	5095	0	0	576120	0.8766	0.8766	-0.00	0.91	FAIL-LOSS
# --- summary: format=ipfix shape=real rate=38750 runs=3 ---
median	ipfix	real	-	-	-	-	-	-	-	-	0.3811	-	-	-
min	ipfix	real	-	-	-	-	-	-	-	-	0.1027	-	-	-
max	ipfix	real	-	-	-	-	-	-	-	-	0.8766	-	-	-
# rate=38750 median_loss=0.3811% median_achieved=38747.3000
CEILING 37500
artifacts (server logs): /tmp/tmp.CLuKMtResS (removed on exit; rerun with TMP_ROOT preserved manually if needed for debugging)
